// Jest Snapshot v1, https://goo.gl/fbAQLP

exports[`getList Saga should call the listLoadingError action if the response errors 1`] = `
Object {
  "@@redux-saga/IO": true,
  "combinator": false,
  "payload": Object {
    "args": Array [
      "http://localhost:3001/strings",
    ],
    "context": null,
    "fn": [Function],
  },
  "type": "CALL",
}
`;

exports[`getList Saga should dispatch the listLoaded action if it requests the data successfully 1`] = `
Object {
  "@@redux-saga/IO": true,
  "combinator": false,
  "payload": Object {
    "args": Array [
      "http://localhost:3001/strings",
    ],
    "context": null,
    "fn": [Function],
  },
  "type": "CALL",
}
`;
